<button id="w0" class="btn btn-primary" data-widget="/components/sample-button/widget">Primary</button>