<button id="w0" class="btn btn-success" data-rwidget="/components/sample-button/widget">Success</button>