<button id="w0" class="btn btn-success" data-widget="/components/sample-button/widget">Success</button>