<button id="w0" class="btn btn-primary" data-rwidget="/components/sample-button/widget">Primary</button>